[0m16:32:42.675471 [debug] [MainThread]: Sending event: {'category': 'dbt', 'action': 'invocation', 'label': 'start', 'context': [<snowplow_tracker.self_describing_json.SelfDescribingJson object at 0x0000019C18D4CB30>, <snowplow_tracker.self_describing_json.SelfDescribingJson object at 0x0000019C18B856D0>, <snowplow_tracker.self_describing_json.SelfDescribingJson object at 0x0000019C18B84BF0>]}


============================== 16:32:42.687181 | 4afa5260-b303-4512-99c6-4d57387cf97a ==============================
[0m16:32:42.687181 [info ] [MainThread]: Running with dbt=1.10.0
[0m16:32:42.688484 [debug] [MainThread]: running dbt with arguments {'printer_width': '80', 'indirect_selection': 'eager', 'write_json': 'True', 'log_cache_events': 'False', 'partial_parse': 'True', 'cache_selected_only': 'False', 'warn_error': 'None', 'debug': 'False', 'version_check': 'True', 'log_path': 'logs', 'profiles_dir': 'C:\\Users\\serafi.herms\\.dbt', 'fail_fast': 'False', 'use_colors': 'True', 'use_experimental_parser': 'False', 'empty': 'None', 'quiet': 'False', 'no_print': 'None', 'warn_error_options': 'WarnErrorOptionsV2(error=[], warn=[], silence=[])', 'static_parser': 'True', 'log_format': 'default', 'introspect': 'True', 'target_path': 'None', 'invocation_command': 'dbt debug', 'send_anonymous_usage_stats': 'True'}
[0m16:32:42.709276 [info ] [MainThread]: dbt version: 1.10.0
[0m16:32:42.709276 [info ] [MainThread]: python version: 3.12.3
[0m16:32:42.709276 [info ] [MainThread]: python path: C:\Users\serafi.herms\AppData\Local\Programs\Python\Python312\python.exe
[0m16:32:42.709276 [info ] [MainThread]: os info: Windows-11-10.0.26200-SP0
[0m16:32:42.709276 [info ] [MainThread]: Using profiles dir at C:\Users\serafi.herms\.dbt
[0m16:32:42.709276 [info ] [MainThread]: Using profiles.yml file at C:\Users\serafi.herms\.dbt\profiles.yml
[0m16:32:42.709276 [info ] [MainThread]: Using dbt_project.yml file at C:\Users\serafi.herms\Downloads\managed-repository-70471823469868\dbt_project.yml
[0m16:32:42.709276 [info ] [MainThread]: Configuration:
[0m16:32:42.709276 [info ] [MainThread]:   profiles.yml file [[31mERROR not found[0m]
[0m16:32:42.709276 [info ] [MainThread]:   dbt_project.yml file [[31mERROR not found[0m]
[0m16:32:42.709276 [info ] [MainThread]: Required dependencies:
[0m16:32:42.709276 [debug] [MainThread]: Executing "git --help"
[0m16:32:42.771047 [debug] [MainThread]: STDOUT: "b"usage: git [-v | --version] [-h | --help] [-C <path>] [-c <name>=<value>]\n           [--exec-path[=<path>]] [--html-path] [--man-path] [--info-path]\n           [-p | --paginate | -P | --no-pager] [--no-replace-objects] [--no-lazy-fetch]\n           [--no-optional-locks] [--no-advice] [--bare] [--git-dir=<path>]\n           [--work-tree=<path>] [--namespace=<name>] [--config-env=<name>=<envvar>]\n           <command> [<args>]\n\nThese are common Git commands used in various situations:\n\nstart a working area (see also: git help tutorial)\n   clone      Clone a repository into a new directory\n   init       Create an empty Git repository or reinitialize an existing one\n\nwork on the current change (see also: git help everyday)\n   add        Add file contents to the index\n   mv         Move or rename a file, a directory, or a symlink\n   restore    Restore working tree files\n   rm         Remove files from the working tree and from the index\n\nexamine the history and state (see also: git help revisions)\n   bisect     Use binary search to find the commit that introduced a bug\n   diff       Show changes between commits, commit and working tree, etc\n   grep       Print lines matching a pattern\n   log        Show commit logs\n   show       Show various types of objects\n   status     Show the working tree status\n\ngrow, mark and tweak your common history\n   backfill   Download missing objects in a partial clone\n   branch     List, create, or delete branches\n   commit     Record changes to the repository\n   merge      Join two or more development histories together\n   rebase     Reapply commits on top of another base tip\n   reset      Set `HEAD` or the index to a known state\n   switch     Switch branches\n   tag        Create, list, delete or verify tags\n\ncollaborate (see also: git help workflows)\n   fetch      Download objects and refs from another repository\n   pull       Fetch from and integrate with another repository or a local branch\n   push       Update remote refs along with associated objects\n\n'git help -a' and 'git help -g' list available subcommands and some\nconcept guides. See 'git help <command>' or 'git help <concept>'\nto read about a specific subcommand or concept.\nSee 'git help git' for an overview of the system.\n""
[0m16:32:42.771047 [debug] [MainThread]: STDERR: "b''"
[0m16:32:42.771047 [info ] [MainThread]:  - git [[32mOK found[0m]

[0m16:32:42.771047 [info ] [MainThread]: Connection test skipped since no profile was found
[0m16:32:42.771047 [info ] [MainThread]: [31m2 checks failed:[0m
[0m16:32:42.771047 [info ] [MainThread]: dbt looked for a profiles.yml file in C:\Users\serafi.herms\.dbt\profiles.yml, but did
not find one. For more information on configuring your profile, consult the
documentation:

https://docs.getdbt.com/docs/configure-your-profile


[0m16:32:42.771047 [info ] [MainThread]: Project loading failed for the following reason:
 project path <C:\Users\serafi.herms\Downloads\managed-repository-70471823469868\dbt_project.yml> not found

[0m16:32:42.771047 [debug] [MainThread]: Command `dbt debug` failed at 16:32:42.771047 after 0.26 seconds
[0m16:32:42.771047 [debug] [MainThread]: Sending event: {'category': 'dbt', 'action': 'invocation', 'label': 'end', 'context': [<snowplow_tracker.self_describing_json.SelfDescribingJson object at 0x0000019C193FFA40>, <snowplow_tracker.self_describing_json.SelfDescribingJson object at 0x0000019C196E5820>, <snowplow_tracker.self_describing_json.SelfDescribingJson object at 0x0000019C171E0E30>]}
[0m16:32:42.771047 [debug] [MainThread]: Flushing usage events
[0m16:32:43.531533 [debug] [MainThread]: An error was encountered while trying to flush usage events
[0m16:40:42.951501 [debug] [MainThread]: Sending event: {'category': 'dbt', 'action': 'invocation', 'label': 'start', 'context': [<snowplow_tracker.self_describing_json.SelfDescribingJson object at 0x000001BD1D4730E0>, <snowplow_tracker.self_describing_json.SelfDescribingJson object at 0x000001BD2115ECF0>, <snowplow_tracker.self_describing_json.SelfDescribingJson object at 0x000001BD20D80A70>]}


============================== 16:40:42.951501 | 9b500e11-b6d4-4dcd-89e8-a58afb26736d ==============================
[0m16:40:42.951501 [info ] [MainThread]: Running with dbt=1.10.0
[0m16:40:42.951501 [debug] [MainThread]: running dbt with arguments {'printer_width': '80', 'indirect_selection': 'eager', 'log_cache_events': 'False', 'write_json': 'True', 'partial_parse': 'True', 'cache_selected_only': 'False', 'warn_error': 'None', 'debug': 'False', 'fail_fast': 'False', 'log_path': 'logs', 'profiles_dir': 'C:\\Users\\serafi.herms\\.dbt', 'version_check': 'True', 'use_colors': 'True', 'use_experimental_parser': 'False', 'empty': 'None', 'quiet': 'False', 'no_print': 'None', 'log_format': 'default', 'static_parser': 'True', 'introspect': 'True', 'invocation_command': 'dbt debug', 'target_path': 'None', 'warn_error_options': 'WarnErrorOptionsV2(error=[], warn=[], silence=[])', 'send_anonymous_usage_stats': 'True'}
[0m16:40:42.975363 [info ] [MainThread]: dbt version: 1.10.0
[0m16:40:42.975363 [info ] [MainThread]: python version: 3.12.3
[0m16:40:42.984256 [info ] [MainThread]: python path: C:\Users\serafi.herms\AppData\Local\Programs\Python\Python312\python.exe
[0m16:40:42.984256 [info ] [MainThread]: os info: Windows-11-10.0.26200-SP0
[0m16:40:42.985371 [info ] [MainThread]: Using profiles dir at C:\Users\serafi.herms\.dbt
[0m16:40:42.985371 [info ] [MainThread]: Using profiles.yml file at C:\Users\serafi.herms\.dbt\profiles.yml
[0m16:40:42.985371 [info ] [MainThread]: Using dbt_project.yml file at C:\Users\serafi.herms\Documents\managed-repository-70471823469868\dbt_project.yml
[0m16:40:42.985371 [info ] [MainThread]: Configuration:
[0m16:40:42.985371 [info ] [MainThread]:   profiles.yml file [[31mERROR not found[0m]
[0m16:40:42.985371 [info ] [MainThread]:   dbt_project.yml file [[31mERROR not found[0m]
[0m16:40:42.985371 [info ] [MainThread]: Required dependencies:
[0m16:40:42.985371 [debug] [MainThread]: Executing "git --help"
[0m16:40:43.036204 [debug] [MainThread]: STDOUT: "b"usage: git [-v | --version] [-h | --help] [-C <path>] [-c <name>=<value>]\n           [--exec-path[=<path>]] [--html-path] [--man-path] [--info-path]\n           [-p | --paginate | -P | --no-pager] [--no-replace-objects] [--no-lazy-fetch]\n           [--no-optional-locks] [--no-advice] [--bare] [--git-dir=<path>]\n           [--work-tree=<path>] [--namespace=<name>] [--config-env=<name>=<envvar>]\n           <command> [<args>]\n\nThese are common Git commands used in various situations:\n\nstart a working area (see also: git help tutorial)\n   clone      Clone a repository into a new directory\n   init       Create an empty Git repository or reinitialize an existing one\n\nwork on the current change (see also: git help everyday)\n   add        Add file contents to the index\n   mv         Move or rename a file, a directory, or a symlink\n   restore    Restore working tree files\n   rm         Remove files from the working tree and from the index\n\nexamine the history and state (see also: git help revisions)\n   bisect     Use binary search to find the commit that introduced a bug\n   diff       Show changes between commits, commit and working tree, etc\n   grep       Print lines matching a pattern\n   log        Show commit logs\n   show       Show various types of objects\n   status     Show the working tree status\n\ngrow, mark and tweak your common history\n   backfill   Download missing objects in a partial clone\n   branch     List, create, or delete branches\n   commit     Record changes to the repository\n   merge      Join two or more development histories together\n   rebase     Reapply commits on top of another base tip\n   reset      Set `HEAD` or the index to a known state\n   switch     Switch branches\n   tag        Create, list, delete or verify tags\n\ncollaborate (see also: git help workflows)\n   fetch      Download objects and refs from another repository\n   pull       Fetch from and integrate with another repository or a local branch\n   push       Update remote refs along with associated objects\n\n'git help -a' and 'git help -g' list available subcommands and some\nconcept guides. See 'git help <command>' or 'git help <concept>'\nto read about a specific subcommand or concept.\nSee 'git help git' for an overview of the system.\n""
[0m16:40:43.036204 [debug] [MainThread]: STDERR: "b''"
[0m16:40:43.036204 [info ] [MainThread]:  - git [[32mOK found[0m]

[0m16:40:43.036204 [info ] [MainThread]: Connection test skipped since no profile was found
[0m16:40:43.036204 [info ] [MainThread]: [31m2 checks failed:[0m
[0m16:40:43.036204 [info ] [MainThread]: dbt looked for a profiles.yml file in C:\Users\serafi.herms\.dbt\profiles.yml, but did
not find one. For more information on configuring your profile, consult the
documentation:

https://docs.getdbt.com/docs/configure-your-profile


[0m16:40:43.036204 [info ] [MainThread]: Project loading failed for the following reason:
 project path <C:\Users\serafi.herms\Documents\managed-repository-70471823469868\dbt_project.yml> not found

[0m16:40:43.036204 [debug] [MainThread]: Command `dbt debug` failed at 16:40:43.036204 after 0.22 seconds
[0m16:40:43.036204 [debug] [MainThread]: Sending event: {'category': 'dbt', 'action': 'invocation', 'label': 'end', 'context': [<snowplow_tracker.self_describing_json.SelfDescribingJson object at 0x000001BD20DEF350>, <snowplow_tracker.self_describing_json.SelfDescribingJson object at 0x000001BD20DEC1A0>, <snowplow_tracker.self_describing_json.SelfDescribingJson object at 0x000001BD20DEF2C0>]}
[0m16:40:43.036204 [debug] [MainThread]: Flushing usage events
[0m16:40:43.785900 [debug] [MainThread]: An error was encountered while trying to flush usage events
